screen - login
why - when user in puts wrong user name or password
system error - Error: The password is invalid or the user does not have a password.
what we are showing - Invalid username or password.please again...
comments - this is user behaviour we can't controll this. if this happens we need to show some message for the user

screen - sign up
why - when we don't configure firebase with correct SHA-1 certificate for our app either in dev mode or relase mode
system error - Error: This app is not authorized to use Firebase Authentication. Please verify that the correct package name and SHA-1 are configured in the Firebase Console.
comments - this should not happen at all for user

screen - sign up
why - when user trys multiple times to sign up
system error - ERROR: "We have blocked all requests from this device due to unusual activity. Try again later."
comments - when user tries to sign up multiple times firebase detects this, and won't send OTP
what we are showing - ERROR: "We have blocked all requests from this device....